Archive member included to satisfy reference by file (symbol)

c:/program files (x86)/atmel/studio/7.0/toolchain/avr8/avr8-gnu-toolchain/bin/../lib/gcc/avr/5.4.0/avr51\libgcc.a(_exit.o)
                              C:/Program Files (x86)/Atmel/Studio/7.0/Packs/atmel/ATmega_DFP/1.2.132/gcc/dev/at90usb1287/avr51/crtat90usb1287.o (exit)
c:/program files (x86)/atmel/studio/7.0/toolchain/avr8/avr8-gnu-toolchain/bin/../lib/gcc/avr/5.4.0/avr51\libgcc.a(_copy_data.o)
                              adc.o (__do_copy_data)
c:/program files (x86)/atmel/studio/7.0/toolchain/avr8/avr8-gnu-toolchain/bin/../lib/gcc/avr/5.4.0/avr51\libgcc.a(_clear_bss.o)
                              adc.o (__do_clear_bss)
c:/program files (x86)/atmel/studio/7.0/toolchain/avr8/avr8-gnu-toolchain/bin/../lib/gcc/avr/5.4.0/avr51\libgcc.a(_ctors.o)
                              main.o (__do_global_ctors)
c:/program files (x86)/atmel/studio/7.0/toolchain/avr8/avr8-gnu-toolchain/bin/../lib/gcc/avr/5.4.0/avr51\libgcc.a(_tablejump2.o)
                              c:/program files (x86)/atmel/studio/7.0/toolchain/avr8/avr8-gnu-toolchain/bin/../lib/gcc/avr/5.4.0/avr51\libgcc.a(_ctors.o) (__tablejump2__)
c:/program files (x86)/atmel/studio/7.0/toolchain/avr8/avr8-gnu-toolchain/bin/../lib/gcc/avr/5.4.0/../../../../avr/lib/avr51\libc.a(sprintf.o)
                              Framebuffer.o (sprintf)
c:/program files (x86)/atmel/studio/7.0/toolchain/avr8/avr8-gnu-toolchain/bin/../lib/gcc/avr/5.4.0/../../../../avr/lib/avr51\libc.a(vfprintf_std.o)
                              c:/program files (x86)/atmel/studio/7.0/toolchain/avr8/avr8-gnu-toolchain/bin/../lib/gcc/avr/5.4.0/../../../../avr/lib/avr51\libc.a(sprintf.o) (vfprintf)
c:/program files (x86)/atmel/studio/7.0/toolchain/avr8/avr8-gnu-toolchain/bin/../lib/gcc/avr/5.4.0/../../../../avr/lib/avr51\libc.a(strnlen_P.o)
                              c:/program files (x86)/atmel/studio/7.0/toolchain/avr8/avr8-gnu-toolchain/bin/../lib/gcc/avr/5.4.0/../../../../avr/lib/avr51\libc.a(vfprintf_std.o) (strnlen_P)
c:/program files (x86)/atmel/studio/7.0/toolchain/avr8/avr8-gnu-toolchain/bin/../lib/gcc/avr/5.4.0/../../../../avr/lib/avr51\libc.a(strnlen.o)
                              c:/program files (x86)/atmel/studio/7.0/toolchain/avr8/avr8-gnu-toolchain/bin/../lib/gcc/avr/5.4.0/../../../../avr/lib/avr51\libc.a(vfprintf_std.o) (strnlen)
c:/program files (x86)/atmel/studio/7.0/toolchain/avr8/avr8-gnu-toolchain/bin/../lib/gcc/avr/5.4.0/../../../../avr/lib/avr51\libc.a(fputc.o)
                              c:/program files (x86)/atmel/studio/7.0/toolchain/avr8/avr8-gnu-toolchain/bin/../lib/gcc/avr/5.4.0/../../../../avr/lib/avr51\libc.a(vfprintf_std.o) (fputc)
c:/program files (x86)/atmel/studio/7.0/toolchain/avr8/avr8-gnu-toolchain/bin/../lib/gcc/avr/5.4.0/../../../../avr/lib/avr51\libc.a(ultoa_invert.o)
                              c:/program files (x86)/atmel/studio/7.0/toolchain/avr8/avr8-gnu-toolchain/bin/../lib/gcc/avr/5.4.0/../../../../avr/lib/avr51\libc.a(vfprintf_std.o) (__ultoa_invert)

Discarded input sections

 .data          0x00000000        0x0 C:/Program Files (x86)/Atmel/Studio/7.0/Packs/atmel/ATmega_DFP/1.2.132/gcc/dev/at90usb1287/avr51/crtat90usb1287.o
 .bss           0x00000000        0x0 C:/Program Files (x86)/Atmel/Studio/7.0/Packs/atmel/ATmega_DFP/1.2.132/gcc/dev/at90usb1287/avr51/crtat90usb1287.o
 .text          0x00000000        0x0 adc.o
 .data          0x00000000        0x0 adc.o
 .bss           0x00000000        0x0 adc.o
 .text._Z8startADCv
                0x00000000       0x12 adc.o
 .text._Z7stopADCv
                0x00000000       0x12 adc.o
 .text._Z18findAverageReadingPKc
                0x00000000       0xaa adc.o
 .bss.debugCount
                0x00000000        0x2 adc.o
 .bss.adcTotalCount
                0x00000000        0x1 adc.o
 .bss.adcAverage
                0x00000000        0x2 adc.o
 .data.cValue   0x00000000        0x1 adc.o
 .text          0x00000000        0x0 extInt.o
 .data          0x00000000        0x0 extInt.o
 .bss           0x00000000        0x0 extInt.o
 .data.stepperRdy
                0x00000000        0x1 extInt.o
 .data.risingEdge
                0x00000000        0x1 extInt.o
 .bss.reflInARow
                0x00000000        0x1 extInt.o
 .text          0x00000000        0x0 Framebuffer.o
 .data          0x00000000        0x0 Framebuffer.o
 .bss           0x00000000        0x0 Framebuffer.o
 .text._ZN11Framebuffer9drawPixelEhhh
                0x00000000       0x72 Framebuffer.o
 .text._ZN11Framebuffer10drawBitmapEPKhhhhh
                0x00000000       0xf6 Framebuffer.o
 .text._ZN11Framebuffer10drawBufferEPKh
                0x00000000       0x96 Framebuffer.o
 .text._ZN11Framebuffer6invertEh
                0x00000000        0x8 Framebuffer.o
 .text          0x00000000        0x0 glcdfont.o
 .data          0x00000000        0x0 glcdfont.o
 .bss           0x00000000        0x0 glcdfont.o
 .debug_info    0x00000000      0x580 glcdfont.o
 .debug_abbrev  0x00000000       0x4e glcdfont.o
 .debug_aranges
                0x00000000       0x18 glcdfont.o
 .debug_line    0x00000000       0x2d glcdfont.o
 .debug_str     0x00000000      0x16d glcdfont.o
 .comment       0x00000000       0x31 glcdfont.o
 .text          0x00000000        0x0 I2C.o
 .data          0x00000000        0x0 I2C.o
 .bss           0x00000000        0x0 I2C.o
 .text          0x00000000        0x0 main.o
 .data          0x00000000        0x0 main.o
 .bss           0x00000000        0x0 main.o
 .bss.deQueue   0x00000000        0x1 main.o
 .data.debug    0x00000000        0x1 main.o
 .text          0x00000000        0x0 menu.o
 .data          0x00000000        0x0 menu.o
 .bss           0x00000000        0x0 menu.o
 .text._Z10menuDebugSv
                0x00000000       0x94 menu.o
 .text          0x00000000        0x0 motor.o
 .data          0x00000000        0x0 motor.o
 .bss           0x00000000        0x0 motor.o
 .text._Z12motorReversev
                0x00000000        0xa motor.o
 .text          0x00000000        0x0 SSD1306.o
 .data          0x00000000        0x0 SSD1306.o
 .bss           0x00000000        0x0 SSD1306.o
 .text._ZN7SSD13066invertEh
                0x00000000       0x14 SSD1306.o
 .text          0x00000000        0x0 stepper.o
 .data          0x00000000        0x0 stepper.o
 .bss           0x00000000        0x0 stepper.o
 .text._Z19rotateStepperToGoalv
                0x00000000       0x92 stepper.o
 .text._Z18stepperCalibrationv
                0x00000000      0x13a stepper.o
 .bss.shortPath
                0x00000000        0x1 stepper.o
 .text          0x00000000        0x0 timer.o
 .data          0x00000000        0x0 timer.o
 .bss           0x00000000        0x0 timer.o
 .text          0x00000000        0x0 c:/program files (x86)/atmel/studio/7.0/toolchain/avr8/avr8-gnu-toolchain/bin/../lib/gcc/avr/5.4.0/avr51\libgcc.a(_exit.o)
 .data          0x00000000        0x0 c:/program files (x86)/atmel/studio/7.0/toolchain/avr8/avr8-gnu-toolchain/bin/../lib/gcc/avr/5.4.0/avr51\libgcc.a(_exit.o)
 .bss           0x00000000        0x0 c:/program files (x86)/atmel/studio/7.0/toolchain/avr8/avr8-gnu-toolchain/bin/../lib/gcc/avr/5.4.0/avr51\libgcc.a(_exit.o)
 .text.libgcc.mul
                0x00000000        0x0 c:/program files (x86)/atmel/studio/7.0/toolchain/avr8/avr8-gnu-toolchain/bin/../lib/gcc/avr/5.4.0/avr51\libgcc.a(_exit.o)
 .text.libgcc.div
                0x00000000        0x0 c:/program files (x86)/atmel/studio/7.0/toolchain/avr8/avr8-gnu-toolchain/bin/../lib/gcc/avr/5.4.0/avr51\libgcc.a(_exit.o)
 .text.libgcc   0x00000000        0x0 c:/program files (x86)/atmel/studio/7.0/toolchain/avr8/avr8-gnu-toolchain/bin/../lib/gcc/avr/5.4.0/avr51\libgcc.a(_exit.o)
 .text.libgcc.prologue
                0x00000000        0x0 c:/program files (x86)/atmel/studio/7.0/toolchain/avr8/avr8-gnu-toolchain/bin/../lib/gcc/avr/5.4.0/avr51\libgcc.a(_exit.o)
 .text.libgcc.builtins
                0x00000000        0x0 c:/program files (x86)/atmel/studio/7.0/toolchain/avr8/avr8-gnu-toolchain/bin/../lib/gcc/avr/5.4.0/avr51\libgcc.a(_exit.o)
 .text.libgcc.fmul
                0x00000000        0x0 c:/program files (x86)/atmel/studio/7.0/toolchain/avr8/avr8-gnu-toolchain/bin/../lib/gcc/avr/5.4.0/avr51\libgcc.a(_exit.o)
 .text.libgcc.fixed
                0x00000000        0x0 c:/program files (x86)/atmel/studio/7.0/toolchain/avr8/avr8-gnu-toolchain/bin/../lib/gcc/avr/5.4.0/avr51\libgcc.a(_exit.o)
 .text          0x00000000        0x0 c:/program files (x86)/atmel/studio/7.0/toolchain/avr8/avr8-gnu-toolchain/bin/../lib/gcc/avr/5.4.0/avr51\libgcc.a(_copy_data.o)
 .data          0x00000000        0x0 c:/program files (x86)/atmel/studio/7.0/toolchain/avr8/avr8-gnu-toolchain/bin/../lib/gcc/avr/5.4.0/avr51\libgcc.a(_copy_data.o)
 .bss           0x00000000        0x0 c:/program files (x86)/atmel/studio/7.0/toolchain/avr8/avr8-gnu-toolchain/bin/../lib/gcc/avr/5.4.0/avr51\libgcc.a(_copy_data.o)
 .text.libgcc.mul
                0x00000000        0x0 c:/program files (x86)/atmel/studio/7.0/toolchain/avr8/avr8-gnu-toolchain/bin/../lib/gcc/avr/5.4.0/avr51\libgcc.a(_copy_data.o)
 .text.libgcc.div
                0x00000000        0x0 c:/program files (x86)/atmel/studio/7.0/toolchain/avr8/avr8-gnu-toolchain/bin/../lib/gcc/avr/5.4.0/avr51\libgcc.a(_copy_data.o)
 .text.libgcc   0x00000000        0x0 c:/program files (x86)/atmel/studio/7.0/toolchain/avr8/avr8-gnu-toolchain/bin/../lib/gcc/avr/5.4.0/avr51\libgcc.a(_copy_data.o)
 .text.libgcc.prologue
                0x00000000        0x0 c:/program files (x86)/atmel/studio/7.0/toolchain/avr8/avr8-gnu-toolchain/bin/../lib/gcc/avr/5.4.0/avr51\libgcc.a(_copy_data.o)
 .text.libgcc.builtins
                0x00000000        0x0 c:/program files (x86)/atmel/studio/7.0/toolchain/avr8/avr8-gnu-toolchain/bin/../lib/gcc/avr/5.4.0/avr51\libgcc.a(_copy_data.o)
 .text.libgcc.fmul
                0x00000000        0x0 c:/program files (x86)/atmel/studio/7.0/toolchain/avr8/avr8-gnu-toolchain/bin/../lib/gcc/avr/5.4.0/avr51\libgcc.a(_copy_data.o)
 .text.libgcc.fixed
                0x00000000        0x0 c:/program files (x86)/atmel/studio/7.0/toolchain/avr8/avr8-gnu-toolchain/bin/../lib/gcc/avr/5.4.0/avr51\libgcc.a(_copy_data.o)
 .text          0x00000000        0x0 c:/program files (x86)/atmel/studio/7.0/toolchain/avr8/avr8-gnu-toolchain/bin/../lib/gcc/avr/5.4.0/avr51\libgcc.a(_clear_bss.o)
 .data          0x00000000        0x0 c:/program files (x86)/atmel/studio/7.0/toolchain/avr8/avr8-gnu-toolchain/bin/../lib/gcc/avr/5.4.0/avr51\libgcc.a(_clear_bss.o)
 .bss           0x00000000        0x0 c:/program files (x86)/atmel/studio/7.0/toolchain/avr8/avr8-gnu-toolchain/bin/../lib/gcc/avr/5.4.0/avr51\libgcc.a(_clear_bss.o)
 .text.libgcc.mul
                0x00000000        0x0 c:/program files (x86)/atmel/studio/7.0/toolchain/avr8/avr8-gnu-toolchain/bin/../lib/gcc/avr/5.4.0/avr51\libgcc.a(_clear_bss.o)
 .text.libgcc.div
                0x00000000        0x0 c:/program files (x86)/atmel/studio/7.0/toolchain/avr8/avr8-gnu-toolchain/bin/../lib/gcc/avr/5.4.0/avr51\libgcc.a(_clear_bss.o)
 .text.libgcc   0x00000000        0x0 c:/program files (x86)/atmel/studio/7.0/toolchain/avr8/avr8-gnu-toolchain/bin/../lib/gcc/avr/5.4.0/avr51\libgcc.a(_clear_bss.o)
 .text.libgcc.prologue
                0x00000000        0x0 c:/program files (x86)/atmel/studio/7.0/toolchain/avr8/avr8-gnu-toolchain/bin/../lib/gcc/avr/5.4.0/avr51\libgcc.a(_clear_bss.o)
 .text.libgcc.builtins
                0x00000000        0x0 c:/program files (x86)/atmel/studio/7.0/toolchain/avr8/avr8-gnu-toolchain/bin/../lib/gcc/avr/5.4.0/avr51\libgcc.a(_clear_bss.o)
 .text.libgcc.fmul
                0x00000000        0x0 c:/program files (x86)/atmel/studio/7.0/toolchain/avr8/avr8-gnu-toolchain/bin/../lib/gcc/avr/5.4.0/avr51\libgcc.a(_clear_bss.o)
 .text.libgcc.fixed
                0x00000000        0x0 c:/program files (x86)/atmel/studio/7.0/toolchain/avr8/avr8-gnu-toolchain/bin/../lib/gcc/avr/5.4.0/avr51\libgcc.a(_clear_bss.o)
 .text          0x00000000        0x0 c:/program files (x86)/atmel/studio/7.0/toolchain/avr8/avr8-gnu-toolchain/bin/../lib/gcc/avr/5.4.0/avr51\libgcc.a(_ctors.o)
 .data          0x00000000        0x0 c:/program files (x86)/atmel/studio/7.0/toolchain/avr8/avr8-gnu-toolchain/bin/../lib/gcc/avr/5.4.0/avr51\libgcc.a(_ctors.o)
 .bss           0x00000000        0x0 c:/program files (x86)/atmel/studio/7.0/toolchain/avr8/avr8-gnu-toolchain/bin/../lib/gcc/avr/5.4.0/avr51\libgcc.a(_ctors.o)
 .text.libgcc.mul
                0x00000000        0x0 c:/program files (x86)/atmel/studio/7.0/toolchain/avr8/avr8-gnu-toolchain/bin/../lib/gcc/avr/5.4.0/avr51\libgcc.a(_ctors.o)
 .text.libgcc.div
                0x00000000        0x0 c:/program files (x86)/atmel/studio/7.0/toolchain/avr8/avr8-gnu-toolchain/bin/../lib/gcc/avr/5.4.0/avr51\libgcc.a(_ctors.o)
 .text.libgcc   0x00000000        0x0 c:/program files (x86)/atmel/studio/7.0/toolchain/avr8/avr8-gnu-toolchain/bin/../lib/gcc/avr/5.4.0/avr51\libgcc.a(_ctors.o)
 .text.libgcc.prologue
                0x00000000        0x0 c:/program files (x86)/atmel/studio/7.0/toolchain/avr8/avr8-gnu-toolchain/bin/../lib/gcc/avr/5.4.0/avr51\libgcc.a(_ctors.o)
 .text.libgcc.builtins
                0x00000000        0x0 c:/program files (x86)/atmel/studio/7.0/toolchain/avr8/avr8-gnu-toolchain/bin/../lib/gcc/avr/5.4.0/avr51\libgcc.a(_ctors.o)
 .text.libgcc.fmul
                0x00000000        0x0 c:/program files (x86)/atmel/studio/7.0/toolchain/avr8/avr8-gnu-toolchain/bin/../lib/gcc/avr/5.4.0/avr51\libgcc.a(_ctors.o)
 .text.libgcc.fixed
                0x00000000        0x0 c:/program files (x86)/atmel/studio/7.0/toolchain/avr8/avr8-gnu-toolchain/bin/../lib/gcc/avr/5.4.0/avr51\libgcc.a(_ctors.o)
 .text          0x00000000        0x0 c:/program files (x86)/atmel/studio/7.0/toolchain/avr8/avr8-gnu-toolchain/bin/../lib/gcc/avr/5.4.0/avr51\libgcc.a(_tablejump2.o)
 .data          0x00000000        0x0 c:/program files (x86)/atmel/studio/7.0/toolchain/avr8/avr8-gnu-toolchain/bin/../lib/gcc/avr/5.4.0/avr51\libgcc.a(_tablejump2.o)
 .bss           0x00000000        0x0 c:/program files (x86)/atmel/studio/7.0/toolchain/avr8/avr8-gnu-toolchain/bin/../lib/gcc/avr/5.4.0/avr51\libgcc.a(_tablejump2.o)
 .text.libgcc.mul
                0x00000000        0x0 c:/program files (x86)/atmel/studio/7.0/toolchain/avr8/avr8-gnu-toolchain/bin/../lib/gcc/avr/5.4.0/avr51\libgcc.a(_tablejump2.o)
 .text.libgcc.div
                0x00000000        0x0 c:/program files (x86)/atmel/studio/7.0/toolchain/avr8/avr8-gnu-toolchain/bin/../lib/gcc/avr/5.4.0/avr51\libgcc.a(_tablejump2.o)
 .text.libgcc.prologue
                0x00000000        0x0 c:/program files (x86)/atmel/studio/7.0/toolchain/avr8/avr8-gnu-toolchain/bin/../lib/gcc/avr/5.4.0/avr51\libgcc.a(_tablejump2.o)
 .text.libgcc.builtins
                0x00000000        0x0 c:/program files (x86)/atmel/studio/7.0/toolchain/avr8/avr8-gnu-toolchain/bin/../lib/gcc/avr/5.4.0/avr51\libgcc.a(_tablejump2.o)
 .text.libgcc.fmul
                0x00000000        0x0 c:/program files (x86)/atmel/studio/7.0/toolchain/avr8/avr8-gnu-toolchain/bin/../lib/gcc/avr/5.4.0/avr51\libgcc.a(_tablejump2.o)
 .text.libgcc.fixed
                0x00000000        0x0 c:/program files (x86)/atmel/studio/7.0/toolchain/avr8/avr8-gnu-toolchain/bin/../lib/gcc/avr/5.4.0/avr51\libgcc.a(_tablejump2.o)
 .text          0x00000000        0x0 c:/program files (x86)/atmel/studio/7.0/toolchain/avr8/avr8-gnu-toolchain/bin/../lib/gcc/avr/5.4.0/../../../../avr/lib/avr51\libc.a(sprintf.o)
 .data          0x00000000        0x0 c:/program files (x86)/atmel/studio/7.0/toolchain/avr8/avr8-gnu-toolchain/bin/../lib/gcc/avr/5.4.0/../../../../avr/lib/avr51\libc.a(sprintf.o)
 .bss           0x00000000        0x0 c:/program files (x86)/atmel/studio/7.0/toolchain/avr8/avr8-gnu-toolchain/bin/../lib/gcc/avr/5.4.0/../../../../avr/lib/avr51\libc.a(sprintf.o)
 .text          0x00000000        0x0 c:/program files (x86)/atmel/studio/7.0/toolchain/avr8/avr8-gnu-toolchain/bin/../lib/gcc/avr/5.4.0/../../../../avr/lib/avr51\libc.a(vfprintf_std.o)
 .data          0x00000000        0x0 c:/program files (x86)/atmel/studio/7.0/toolchain/avr8/avr8-gnu-toolchain/bin/../lib/gcc/avr/5.4.0/../../../../avr/lib/avr51\libc.a(vfprintf_std.o)
 .bss           0x00000000        0x0 c:/program files (x86)/atmel/studio/7.0/toolchain/avr8/avr8-gnu-toolchain/bin/../lib/gcc/avr/5.4.0/../../../../avr/lib/avr51\libc.a(vfprintf_std.o)
 .text          0x00000000        0x0 c:/program files (x86)/atmel/studio/7.0/toolchain/avr8/avr8-gnu-toolchain/bin/../lib/gcc/avr/5.4.0/../../../../avr/lib/avr51\libc.a(strnlen_P.o)
 .data          0x00000000        0x0 c:/program files (x86)/atmel/studio/7.0/toolchain/avr8/avr8-gnu-toolchain/bin/../lib/gcc/avr/5.4.0/../../../../avr/lib/avr51\libc.a(strnlen_P.o)
 .bss           0x00000000        0x0 c:/program files (x86)/atmel/studio/7.0/toolchain/avr8/avr8-gnu-toolchain/bin/../lib/gcc/avr/5.4.0/../../../../avr/lib/avr51\libc.a(strnlen_P.o)
 .text          0x00000000        0x0 c:/program files (x86)/atmel/studio/7.0/toolchain/avr8/avr8-gnu-toolchain/bin/../lib/gcc/avr/5.4.0/../../../../avr/lib/avr51\libc.a(strnlen.o)
 .data          0x00000000        0x0 c:/program files (x86)/atmel/studio/7.0/toolchain/avr8/avr8-gnu-toolchain/bin/../lib/gcc/avr/5.4.0/../../../../avr/lib/avr51\libc.a(strnlen.o)
 .bss           0x00000000        0x0 c:/program files (x86)/atmel/studio/7.0/toolchain/avr8/avr8-gnu-toolchain/bin/../lib/gcc/avr/5.4.0/../../../../avr/lib/avr51\libc.a(strnlen.o)
 .text          0x00000000        0x0 c:/program files (x86)/atmel/studio/7.0/toolchain/avr8/avr8-gnu-toolchain/bin/../lib/gcc/avr/5.4.0/../../../../avr/lib/avr51\libc.a(fputc.o)
 .data          0x00000000        0x0 c:/program files (x86)/atmel/studio/7.0/toolchain/avr8/avr8-gnu-toolchain/bin/../lib/gcc/avr/5.4.0/../../../../avr/lib/avr51\libc.a(fputc.o)
 .bss           0x00000000        0x0 c:/program files (x86)/atmel/studio/7.0/toolchain/avr8/avr8-gnu-toolchain/bin/../lib/gcc/avr/5.4.0/../../../../avr/lib/avr51\libc.a(fputc.o)
 .text          0x00000000        0x0 c:/program files (x86)/atmel/studio/7.0/toolchain/avr8/avr8-gnu-toolchain/bin/../lib/gcc/avr/5.4.0/../../../../avr/lib/avr51\libc.a(ultoa_invert.o)
 .data          0x00000000        0x0 c:/program files (x86)/atmel/studio/7.0/toolchain/avr8/avr8-gnu-toolchain/bin/../lib/gcc/avr/5.4.0/../../../../avr/lib/avr51\libc.a(ultoa_invert.o)
 .bss           0x00000000        0x0 c:/program files (x86)/atmel/studio/7.0/toolchain/avr8/avr8-gnu-toolchain/bin/../lib/gcc/avr/5.4.0/../../../../avr/lib/avr51\libc.a(ultoa_invert.o)

Memory Configuration

Name             Origin             Length             Attributes
text             0x00000000         0x00020000         xr
data             0x00800100         0x0000ff00         rw !x
eeprom           0x00810000         0x00010000         rw !x
fuse             0x00820000         0x00000003         rw !x
lock             0x00830000         0x00000400         rw !x
signature        0x00840000         0x00000400         rw !x
user_signatures  0x00850000         0x00000400         rw !x
*default*        0x00000000         0xffffffff

Linker script and memory map

Address of section .data set to 0x800100
LOAD C:/Program Files (x86)/Atmel/Studio/7.0/Packs/atmel/ATmega_DFP/1.2.132/gcc/dev/at90usb1287/avr51/crtat90usb1287.o
LOAD adc.o
LOAD extInt.o
LOAD Framebuffer.o
LOAD glcdfont.o
LOAD I2C.o
LOAD main.o
LOAD menu.o
LOAD motor.o
LOAD SSD1306.o
LOAD stepper.o
LOAD timer.o
START GROUP
END GROUP
LOAD c:/program files (x86)/atmel/studio/7.0/toolchain/avr8/avr8-gnu-toolchain/bin/../lib/gcc/avr/5.4.0/avr51\libgcc.a
LOAD c:/program files (x86)/atmel/studio/7.0/toolchain/avr8/avr8-gnu-toolchain/bin/../lib/gcc/avr/5.4.0/../../../../avr/lib/avr51\libm.a
START GROUP
LOAD c:/program files (x86)/atmel/studio/7.0/toolchain/avr8/avr8-gnu-toolchain/bin/../lib/gcc/avr/5.4.0/avr51\libgcc.a
LOAD c:/program files (x86)/atmel/studio/7.0/toolchain/avr8/avr8-gnu-toolchain/bin/../lib/gcc/avr/5.4.0/../../../../avr/lib/avr51\libm.a
LOAD c:/program files (x86)/atmel/studio/7.0/toolchain/avr8/avr8-gnu-toolchain/bin/../lib/gcc/avr/5.4.0/../../../../avr/lib/avr51\libc.a
LOAD C:/Program Files (x86)/Atmel/Studio/7.0/Packs/atmel/ATmega_DFP/1.2.132/gcc/dev/at90usb1287/avr51\libat90usb1287.a
END GROUP
                0x00020000                __TEXT_REGION_LENGTH__ = DEFINED (__TEXT_REGION_LENGTH__)?__TEXT_REGION_LENGTH__:0x20000
                0x0000ff00                __DATA_REGION_LENGTH__ = DEFINED (__DATA_REGION_LENGTH__)?__DATA_REGION_LENGTH__:0xff00
                0x00010000                __EEPROM_REGION_LENGTH__ = DEFINED (__EEPROM_REGION_LENGTH__)?__EEPROM_REGION_LENGTH__:0x10000
                [0x00000003]                __FUSE_REGION_LENGTH__ = DEFINED (__FUSE_REGION_LENGTH__)?__FUSE_REGION_LENGTH__:0x400
                0x00000400                __LOCK_REGION_LENGTH__ = DEFINED (__LOCK_REGION_LENGTH__)?__LOCK_REGION_LENGTH__:0x400
                0x00000400                __SIGNATURE_REGION_LENGTH__ = DEFINED (__SIGNATURE_REGION_LENGTH__)?__SIGNATURE_REGION_LENGTH__:0x400
                0x00000400                __USER_SIGNATURE_REGION_LENGTH__ = DEFINED (__USER_SIGNATURE_REGION_LENGTH__)?__USER_SIGNATURE_REGION_LENGTH__:0x400

.hash
 *(.hash)

.dynsym
 *(.dynsym)

.dynstr
 *(.dynstr)

.gnu.version
 *(.gnu.version)

.gnu.version_d
 *(.gnu.version_d)

.gnu.version_r
 *(.gnu.version_r)

.rel.init
 *(.rel.init)

.rela.init
 *(.rela.init)

.rel.text
 *(.rel.text)
 *(.rel.text.*)
 *(.rel.gnu.linkonce.t*)

.rela.text
 *(.rela.text)
 *(.rela.text.*)
 *(.rela.gnu.linkonce.t*)

.rel.fini
 *(.rel.fini)

.rela.fini
 *(.rela.fini)

.rel.rodata
 *(.rel.rodata)
 *(.rel.rodata.*)
 *(.rel.gnu.linkonce.r*)

.rela.rodata
 *(.rela.rodata)
 *(.rela.rodata.*)
 *(.rela.gnu.linkonce.r*)

.rel.data
 *(.rel.data)
 *(.rel.data.*)
 *(.rel.gnu.linkonce.d*)

.rela.data
 *(.rela.data)
 *(.rela.data.*)
 *(.rela.gnu.linkonce.d*)

.rel.ctors
 *(.rel.ctors)

.rela.ctors
 *(.rela.ctors)

.rel.dtors
 *(.rel.dtors)

.rela.dtors
 *(.rela.dtors)

.rel.got
 *(.rel.got)

.rela.got
 *(.rela.got)

.rel.bss
 *(.rel.bss)

.rela.bss
 *(.rela.bss)

.rel.plt
 *(.rel.plt)

.rela.plt
 *(.rela.plt)

.text           0x00000000     0x20f4
 *(.vectors)
 .vectors       0x00000000       0x98 C:/Program Files (x86)/Atmel/Studio/7.0/Packs/atmel/ATmega_DFP/1.2.132/gcc/dev/at90usb1287/avr51/crtat90usb1287.o
                0x00000000                __vectors
 *(.vectors)
 *(.progmem.gcc*)
                0x00000098                . = ALIGN (0x2)
                0x00000098                __trampolines_start = .
 *(.trampolines)
 .trampolines   0x00000098        0x0 linker stubs
 *(.trampolines*)
                0x00000098                __trampolines_end = .
 *libprintf_flt.a:*(.progmem.data)
 *libc.a:*(.progmem.data)
 *(.progmem*)
 .progmem.data._ZL4font
                0x00000098      0x4fb Framebuffer.o
                0x00000594                . = ALIGN (0x2)
 *fill*         0x00000593        0x1 
 *(.jumptables)
 *(.jumptables*)
 *(.lowtext)
 *(.lowtext*)
                0x00000594                __ctors_start = .
 *(.ctors)
 .ctors         0x00000594        0x2 main.o
                0x00000596                __ctors_end = .
                0x00000596                __dtors_start = .
 *(.dtors)
                0x00000596                __dtors_end = .
 SORT(*)(.ctors)
 SORT(*)(.dtors)
 *(.init0)
 .init0         0x00000596        0x0 C:/Program Files (x86)/Atmel/Studio/7.0/Packs/atmel/ATmega_DFP/1.2.132/gcc/dev/at90usb1287/avr51/crtat90usb1287.o
                0x00000596                __init
 *(.init0)
 *(.init1)
 *(.init1)
 *(.init2)
 .init2         0x00000596        0xc C:/Program Files (x86)/Atmel/Studio/7.0/Packs/atmel/ATmega_DFP/1.2.132/gcc/dev/at90usb1287/avr51/crtat90usb1287.o
 *(.init2)
 *(.init3)
 *(.init3)
 *(.init4)
 .init4         0x000005a2       0x1a c:/program files (x86)/atmel/studio/7.0/toolchain/avr8/avr8-gnu-toolchain/bin/../lib/gcc/avr/5.4.0/avr51\libgcc.a(_copy_data.o)
                0x000005a2                __do_copy_data
 .init4         0x000005bc       0x10 c:/program files (x86)/atmel/studio/7.0/toolchain/avr8/avr8-gnu-toolchain/bin/../lib/gcc/avr/5.4.0/avr51\libgcc.a(_clear_bss.o)
                0x000005bc                __do_clear_bss
 *(.init4)
 *(.init5)
 *(.init5)
 *(.init6)
 .init6         0x000005cc       0x16 c:/program files (x86)/atmel/studio/7.0/toolchain/avr8/avr8-gnu-toolchain/bin/../lib/gcc/avr/5.4.0/avr51\libgcc.a(_ctors.o)
                0x000005cc                __do_global_ctors
 *(.init6)
 *(.init7)
 *(.init7)
 *(.init8)
 *(.init8)
 *(.init9)
 .init9         0x000005e2        0x6 C:/Program Files (x86)/Atmel/Studio/7.0/Packs/atmel/ATmega_DFP/1.2.132/gcc/dev/at90usb1287/avr51/crtat90usb1287.o
 *(.init9)
 *(.text)
 .text          0x000005e8        0x2 C:/Program Files (x86)/Atmel/Studio/7.0/Packs/atmel/ATmega_DFP/1.2.132/gcc/dev/at90usb1287/avr51/crtat90usb1287.o
                0x000005e8                __vector_22
                0x000005e8                __vector_28
                0x000005e8                __vector_1
                0x000005e8                __vector_32
                0x000005e8                __vector_34
                0x000005e8                __vector_24
                0x000005e8                __vector_12
                0x000005e8                __bad_interrupt
                0x000005e8                __vector_6
                0x000005e8                __vector_31
                0x000005e8                __vector_35
                0x000005e8                __vector_23
                0x000005e8                __vector_30
                0x000005e8                __vector_25
                0x000005e8                __vector_11
                0x000005e8                __vector_13
                0x000005e8                __vector_17
                0x000005e8                __vector_19
                0x000005e8                __vector_7
                0x000005e8                __vector_27
                0x000005e8                __vector_5
                0x000005e8                __vector_33
                0x000005e8                __vector_37
                0x000005e8                __vector_9
                0x000005e8                __vector_2
                0x000005e8                __vector_15
                0x000005e8                __vector_36
                0x000005e8                __vector_8
                0x000005e8                __vector_26
                0x000005e8                __vector_14
                0x000005e8                __vector_10
                0x000005e8                __vector_16
                0x000005e8                __vector_18
                0x000005e8                __vector_20
                0x000005ea                . = ALIGN (0x2)
 *(.text.*)
 .text._Z7initADCv
                0x000005ea       0x1e adc.o
                0x000005ea                _Z7initADCv
 .text._Z17findLowestReadingPKc
                0x00000608       0x88 adc.o
                0x00000608                _Z17findLowestReadingPKc
 .text._Z12calibrateADCv
                0x00000690      0x158 adc.o
                0x00000690                _Z12calibrateADCv
 .text.__vector_29
                0x000007e8       0x64 adc.o
                0x000007e8                __vector_29
 .text._Z10initExtIntv
                0x0000084c       0x18 extInt.o
                0x0000084c                _Z10initExtIntv
 .text.__vector_3
                0x00000864      0x14e extInt.o
                0x00000864                __vector_3
 .text.__vector_4
                0x000009b2      0x130 extInt.o
                0x000009b2                __vector_4
 .text.__vector_default
                0x00000ae2       0x1c extInt.o
                0x00000ae2                __vector_default
 .text._ZN11Framebuffer9drawPixelEhh
                0x00000afe       0x3a Framebuffer.o
                0x00000afe                _ZN11Framebuffer9drawPixelEhh
 .text._ZN11Framebuffer9drawVLineEhhh
                0x00000b38       0x32 Framebuffer.o
                0x00000b38                _ZN11Framebuffer9drawVLineEhhh
 .text._ZN11Framebuffer9drawHLineEhhh
                0x00000b6a       0x32 Framebuffer.o
                0x00000b6a                _ZN11Framebuffer9drawHLineEhhh
 .text._ZN11Framebuffer13drawRectangleEhhhh
                0x00000b9c       0x56 Framebuffer.o
                0x00000b9c                _ZN11Framebuffer13drawRectangleEhhhh
 .text._ZN11Framebuffer13drawRectangleEhhhhh
                0x00000bf2       0x86 Framebuffer.o
                0x00000bf2                _ZN11Framebuffer13drawRectangleEhhhhh
 .text._ZN11Framebuffer5clearEv
                0x00000c78        0xe Framebuffer.o
                0x00000c78                _ZN11Framebuffer5clearEv
 .text._ZN11FramebufferC2Ev
                0x00000c86       0x14 Framebuffer.o
                0x00000c86                _ZN11FramebufferC1Ev
                0x00000c86                _ZN11FramebufferC2Ev
 .text._ZN11Framebuffer4showEv
                0x00000c9a        0x8 Framebuffer.o
                0x00000c9a                _ZN11Framebuffer4showEv
 .text._ZN11Framebuffer8drawCharEiihjjh
                0x00000ca2      0x128 Framebuffer.o
                0x00000ca2                _ZN11Framebuffer8drawCharEiihjjh
 .text._ZN11Framebuffer10drawStringEiiPKc
                0x00000dca       0x6c Framebuffer.o
                0x00000dca                _ZN11Framebuffer10drawStringEiiPKc
 .text._ZN11Framebuffer10drawNumberEiii
                0x00000e36       0xb0 Framebuffer.o
                0x00000e36                _ZN11Framebuffer10drawNumberEiii
 .text._ZN3I2CC2Ev
                0x00000ee6        0x2 I2C.o
                0x00000ee6                _ZN3I2CC2Ev
                0x00000ee6                _ZN3I2CC1Ev
 .text._ZN3I2C4initEh
                0x00000ee8       0x10 I2C.o
                0x00000ee8                _ZN3I2C4initEh
 .text._ZN3I2C5startEv
                0x00000ef8       0x5c I2C.o
                0x00000ef8                _ZN3I2C5startEv
 .text._ZN3I2C5writeEh
                0x00000f54       0x2a I2C.o
                0x00000f54                _ZN3I2C5writeEh
 .text._ZN3I2C4stopEv
                0x00000f7e       0x12 I2C.o
                0x00000f7e                _ZN3I2C4stopEv
 .text.main     0x00000f90      0x220 main.o
                0x00000f90                main
 .text._GLOBAL__sub_I_debug
                0x000011b0        0x8 main.o
 .text._Z10menu1Startv
                0x000011b8       0x5e menu.o
                0x000011b8                _Z10menu1Startv
 .text._Z16menu1Calibrationv
                0x00001216       0x5e menu.o
                0x00001216                _Z16menu1Calibrationv
 .text._Z9menu2Homev
                0x00001274       0x44 menu.o
                0x00001274                _Z9menu2Homev
 .text._Z12menu2Stepperv
                0x000012b8       0x44 menu.o
                0x000012b8                _Z12menu2Stepperv
 .text._Z9menu2Reflv
                0x000012fc       0x44 menu.o
                0x000012fc                _Z9menu2Reflv
 .text._Z10menuDebugQv
                0x00001340      0x14c menu.o
                0x00001340                _Z10menuDebugQv
 .text._Z20menuDisplayItemCountv
                0x0000148c      0x112 menu.o
                0x0000148c                _Z20menuDisplayItemCountv
 .text._Z9initMotorv
                0x0000159e       0x32 motor.o
                0x0000159e                _Z9initMotorv
 .text._Z10motorSpeedc
                0x000015d0        0xa motor.o
                0x000015d0                _Z10motorSpeedc
 .text._Z12motorForwardv
                0x000015da        0xa motor.o
                0x000015da                _Z12motorForwardv
 .text._Z10motorBrakev
                0x000015e4        0x8 motor.o
                0x000015e4                _Z10motorBrakev
 .text._ZN7SSD130611sendCommandEh
                0x000015ec       0x24 SSD1306.o
                0x000015ec                _ZN7SSD130611sendCommandEh
 .text._ZN7SSD1306C2Ev
                0x00001610       0xaa SSD1306.o
                0x00001610                _ZN7SSD1306C1Ev
                0x00001610                _ZN7SSD1306C2Ev
 .text._ZN7SSD130615sendFramebufferEPh
                0x000016ba       0x8c SSD1306.o
                0x000016ba                _ZN7SSD130615sendFramebufferEPh
 .text._Z11initStepperv
                0x00001746       0x14 stepper.o
                0x00001746                _Z11initStepperv
 .text._Z12startStepperv
                0x0000175a       0x14 stepper.o
                0x0000175a                _Z12startStepperv
 .text._Z13rotateStepperii
                0x0000176e       0xf8 stepper.o
                0x0000176e                _Z13rotateStepperii
 .text._Z11homeStepperv
                0x00001866       0x26 stepper.o
                0x00001866                _Z11homeStepperv
 .text.__vector_21
                0x0000188c      0x248 stepper.o
                0x0000188c                __vector_21
 .text._Z9initTimerv
                0x00001ad4       0x18 timer.o
                0x00001ad4                _Z9initTimerv
 .text._Z6mTimeri
                0x00001aec       0x3c timer.o
                0x00001aec                _Z6mTimeri
 .text.libgcc   0x00001b28       0x12 c:/program files (x86)/atmel/studio/7.0/toolchain/avr8/avr8-gnu-toolchain/bin/../lib/gcc/avr/5.4.0/avr51\libgcc.a(_tablejump2.o)
                0x00001b28                __tablejump2__
 .text.avr-libc
                0x00001b3a       0x5c c:/program files (x86)/atmel/studio/7.0/toolchain/avr8/avr8-gnu-toolchain/bin/../lib/gcc/avr/5.4.0/../../../../avr/lib/avr51\libc.a(sprintf.o)
                0x00001b3a                sprintf
 .text.avr-libc
                0x00001b96      0x3fa c:/program files (x86)/atmel/studio/7.0/toolchain/avr8/avr8-gnu-toolchain/bin/../lib/gcc/avr/5.4.0/../../../../avr/lib/avr51\libc.a(vfprintf_std.o)
                0x00001b96                vfprintf
 .text.avr-libc
                0x00001f90       0x16 c:/program files (x86)/atmel/studio/7.0/toolchain/avr8/avr8-gnu-toolchain/bin/../lib/gcc/avr/5.4.0/../../../../avr/lib/avr51\libc.a(strnlen_P.o)
                0x00001f90                strnlen_P
 .text.avr-libc
                0x00001fa6       0x16 c:/program files (x86)/atmel/studio/7.0/toolchain/avr8/avr8-gnu-toolchain/bin/../lib/gcc/avr/5.4.0/../../../../avr/lib/avr51\libc.a(strnlen.o)
                0x00001fa6                strnlen
 .text.avr-libc
                0x00001fbc       0x78 c:/program files (x86)/atmel/studio/7.0/toolchain/avr8/avr8-gnu-toolchain/bin/../lib/gcc/avr/5.4.0/../../../../avr/lib/avr51\libc.a(fputc.o)
                0x00001fbc                fputc
 .text.avr-libc
                0x00002034       0xbc c:/program files (x86)/atmel/studio/7.0/toolchain/avr8/avr8-gnu-toolchain/bin/../lib/gcc/avr/5.4.0/../../../../avr/lib/avr51\libc.a(ultoa_invert.o)
                0x00002034                __ultoa_invert
                0x000020f0                . = ALIGN (0x2)
 *(.fini9)
 .fini9         0x000020f0        0x0 c:/program files (x86)/atmel/studio/7.0/toolchain/avr8/avr8-gnu-toolchain/bin/../lib/gcc/avr/5.4.0/avr51\libgcc.a(_exit.o)
                0x000020f0                _exit
                0x000020f0                exit
 *(.fini9)
 *(.fini8)
 *(.fini8)
 *(.fini7)
 *(.fini7)
 *(.fini6)
 *(.fini6)
 *(.fini5)
 *(.fini5)
 *(.fini4)
 *(.fini4)
 *(.fini3)
 *(.fini3)
 *(.fini2)
 *(.fini2)
 *(.fini1)
 *(.fini1)
 *(.fini0)
 .fini0         0x000020f0        0x4 c:/program files (x86)/atmel/studio/7.0/toolchain/avr8/avr8-gnu-toolchain/bin/../lib/gcc/avr/5.4.0/avr51\libgcc.a(_exit.o)
 *(.fini0)
                0x000020f4                _etext = .

.data           0x00800100       0xe4 load address 0x000020f4
                0x00800100                PROVIDE (__data_start, .)
 *(.data)
 *(.data*)
 .data.calibReading
                0x00800100        0x2 adc.o
                0x00800100                calibReading
 .data.lowestRefl
                0x00800102        0x2 adc.o
                0x00800102                lowestRefl
 .data.aluminumMinRef
                0x00800104        0x2 extInt.o
                0x00800104                aluminumMinRef
 .data.steelMinRef
                0x00800106        0x2 extInt.o
                0x00800106                steelMinRef
 .data.whiteMinRef
                0x00800108        0x2 extInt.o
                0x00800108                whiteMinRef
 .data.blackMinRef
                0x0080010a        0x2 extInt.o
                0x0080010a                blackMinRef
 .data.stepperDelay
                0x0080010c        0x1 stepper.o
                0x0080010c                stepperDelay
 *(.rodata)
 *(.rodata*)
 .rodata.str1.1
                0x0080010d       0x27 adc.o
                                 0x31 (size before relaxing)
 .rodata.str1.1
                0x00800134        0x3 Framebuffer.o
 .rodata.str1.1
                0x00800137       0xa8 menu.o
 .rodata._ZL9stepArray
                0x008001df        0x4 stepper.o
 *(.gnu.linkonce.d*)
                0x008001e4                . = ALIGN (0x2)
 *fill*         0x008001e3        0x1 
                0x008001e4                _edata = .
                0x008001e4                PROVIDE (__data_end, .)

.bss            0x008001e4      0x41b
                0x008001e4                PROVIDE (__bss_start, .)
 *(.bss)
 *(.bss*)
 .bss.blockReady
                0x008001e4        0x1 extInt.o
                0x008001e4                blockReady
 .bss.aluminumCount
                0x008001e5        0x1 extInt.o
                0x008001e5                aluminumCount
 .bss.steelCount
                0x008001e6        0x1 extInt.o
                0x008001e6                steelCount
 .bss.whiteCount
                0x008001e7        0x1 extInt.o
                0x008001e7                whiteCount
 .bss.blackCount
                0x008001e8        0x1 extInt.o
                0x008001e8                blackCount
 .bss.reflQueueChange
                0x008001e9        0x1 extInt.o
                0x008001e9                reflQueueChange
 .bss.backOfQueue
                0x008001ea        0x1 extInt.o
                0x008001ea                backOfQueue
 .bss.frontOfQueue
                0x008001eb        0x1 extInt.o
                0x008001eb                frontOfQueue
 .bss.reflQueueCount
                0x008001ec        0x1 extInt.o
                0x008001ec                reflQueueCount
 .bss.reflQueue
                0x008001ed        0x8 extInt.o
                0x008001ed                reflQueue
 .bss.myDisplay
                0x008001f5      0x402 main.o
                0x008001f5                myDisplay
 .bss.delayStepper
                0x008005f7        0x1 stepper.o
                0x008005f7                delayStepper
 .bss.sDequeueRdy
                0x008005f8        0x1 stepper.o
                0x008005f8                sDequeueRdy
 .bss.stepperReady
                0x008005f9        0x1 stepper.o
                0x008005f9                stepperReady
 .bss.stepAPosition
                0x008005fa        0x1 stepper.o
                0x008005fa                stepAPosition
 .bss.stepGoalPosition
                0x008005fb        0x2 stepper.o
                0x008005fb                stepGoalPosition
 .bss.stepCurrentPosition
                0x008005fd        0x2 stepper.o
                0x008005fd                stepCurrentPosition
 *(COMMON)
                0x008005ff                PROVIDE (__bss_end, .)
                0x000020f4                __data_load_start = LOADADDR (.data)
                0x000021d8                __data_load_end = (__data_load_start + SIZEOF (.data))

.noinit         0x008005ff        0x0
                [!provide]                PROVIDE (__noinit_start, .)
 *(.noinit*)
                [!provide]                PROVIDE (__noinit_end, .)
                0x008005ff                _end = .
                [!provide]                PROVIDE (__heap_start, .)

.eeprom         0x00810000        0x0
 *(.eeprom*)
                0x00810000                __eeprom_end = .

.fuse
 *(.fuse)
 *(.lfuse)
 *(.hfuse)
 *(.efuse)

.lock
 *(.lock*)

.signature
 *(.signature*)

.user_signatures
 *(.user_signatures*)

.stab
 *(.stab)

.stabstr
 *(.stabstr)

.stab.excl
 *(.stab.excl)

.stab.exclstr
 *(.stab.exclstr)

.stab.index
 *(.stab.index)

.stab.indexstr
 *(.stab.indexstr)

.comment        0x00000000       0x5c
 *(.comment)
 .comment       0x00000000       0x30 adc.o
                                 0x31 (size before relaxing)
 .comment       0x00000030       0x31 extInt.o
 .comment       0x00000030       0x31 Framebuffer.o
 .comment       0x00000030       0x31 I2C.o
 .comment       0x00000030       0x31 main.o
 .comment       0x00000030       0x31 menu.o
 .comment       0x00000030       0x31 motor.o
 .comment       0x00000030       0x31 SSD1306.o
 .comment       0x00000030       0x31 stepper.o
 .comment       0x00000030       0x31 timer.o
 .comment       0x00000030       0x31 c:/program files (x86)/atmel/studio/7.0/toolchain/avr8/avr8-gnu-toolchain/bin/../lib/gcc/avr/5.4.0/../../../../avr/lib/avr51\libc.a(sprintf.o)
 .comment       0x00000030       0x2c c:/program files (x86)/atmel/studio/7.0/toolchain/avr8/avr8-gnu-toolchain/bin/../lib/gcc/avr/5.4.0/../../../../avr/lib/avr51\libc.a(vfprintf_std.o)
                                 0x2d (size before relaxing)
 .comment       0x0000005c       0x31 c:/program files (x86)/atmel/studio/7.0/toolchain/avr8/avr8-gnu-toolchain/bin/../lib/gcc/avr/5.4.0/../../../../avr/lib/avr51\libc.a(fputc.o)

.note.gnu.avr.deviceinfo
                0x00000000       0x40
 .note.gnu.avr.deviceinfo
                0x00000000       0x40 C:/Program Files (x86)/Atmel/Studio/7.0/Packs/atmel/ATmega_DFP/1.2.132/gcc/dev/at90usb1287/avr51/crtat90usb1287.o

.note.gnu.build-id
 *(.note.gnu.build-id)

.debug
 *(.debug)

.line
 *(.line)

.debug_srcinfo
 *(.debug_srcinfo)

.debug_sfnames
 *(.debug_sfnames)

.debug_aranges  0x00000000      0x2c8
 *(.debug_aranges)
 .debug_aranges
                0x00000000       0x50 adc.o
 .debug_aranges
                0x00000050       0x38 extInt.o
 .debug_aranges
                0x00000088       0x90 Framebuffer.o
 .debug_aranges
                0x00000118       0x40 I2C.o
 .debug_aranges
                0x00000158       0x28 main.o
 .debug_aranges
                0x00000180       0x58 menu.o
 .debug_aranges
                0x000001d8       0x40 motor.o
 .debug_aranges
                0x00000218       0x38 SSD1306.o
 .debug_aranges
                0x00000250       0x50 stepper.o
 .debug_aranges
                0x000002a0       0x28 timer.o

.debug_pubnames
 *(.debug_pubnames)

.debug_info     0x00000000     0x51f7
 *(.debug_info .gnu.linkonce.wi.*)
 .debug_info    0x00000000      0xb70 C:/Program Files (x86)/Atmel/Studio/7.0/Packs/atmel/ATmega_DFP/1.2.132/gcc/dev/at90usb1287/avr51/crtat90usb1287.o
 .debug_info    0x00000b70      0xa62 adc.o
 .debug_info    0x000015d2      0x2b4 extInt.o
 .debug_info    0x00001886      0xfc2 Framebuffer.o
 .debug_info    0x00002848      0x244 I2C.o
 .debug_info    0x00002a8c      0x962 main.o
 .debug_info    0x000033ee      0xf40 menu.o
 .debug_info    0x0000432e       0xf8 motor.o
 .debug_info    0x00004426      0x7a4 SSD1306.o
 .debug_info    0x00004bca      0x57c stepper.o
 .debug_info    0x00005146       0xb1 timer.o

.debug_abbrev   0x00000000     0x1a9f
 *(.debug_abbrev)
 .debug_abbrev  0x00000000      0xad2 C:/Program Files (x86)/Atmel/Studio/7.0/Packs/atmel/ATmega_DFP/1.2.132/gcc/dev/at90usb1287/avr51/crtat90usb1287.o
 .debug_abbrev  0x00000ad2      0x242 adc.o
 .debug_abbrev  0x00000d14       0xf4 extInt.o
 .debug_abbrev  0x00000e08      0x295 Framebuffer.o
 .debug_abbrev  0x0000109d      0x16d I2C.o
 .debug_abbrev  0x0000120a      0x254 main.o
 .debug_abbrev  0x0000145e      0x1b7 menu.o
 .debug_abbrev  0x00001615       0x6f motor.o
 .debug_abbrev  0x00001684      0x211 SSD1306.o
 .debug_abbrev  0x00001895      0x18e stepper.o
 .debug_abbrev  0x00001a23       0x7c timer.o

.debug_line     0x00000000     0x1a4d
 *(.debug_line .debug_line.* .debug_line_end)
 .debug_line    0x00000000      0x17b C:/Program Files (x86)/Atmel/Studio/7.0/Packs/atmel/ATmega_DFP/1.2.132/gcc/dev/at90usb1287/avr51/crtat90usb1287.o
 .debug_line    0x0000017b      0x2b0 adc.o
 .debug_line    0x0000042b      0x1d7 extInt.o
 .debug_line    0x00000602      0x47e Framebuffer.o
 .debug_line    0x00000a80      0x188 I2C.o
 .debug_line    0x00000c08      0x3c6 main.o
 .debug_line    0x00000fce      0x2cf menu.o
 .debug_line    0x0000129d       0xc8 motor.o
 .debug_line    0x00001365      0x21f SSD1306.o
 .debug_line    0x00001584      0x43d stepper.o
 .debug_line    0x000019c1       0x8c timer.o

.debug_frame    0x00000000      0x858
 *(.debug_frame)
 .debug_frame   0x00000000       0xd4 adc.o
 .debug_frame   0x000000d4       0xf4 extInt.o
 .debug_frame   0x000001c8      0x324 Framebuffer.o
 .debug_frame   0x000004ec       0x64 I2C.o
 .debug_frame   0x00000550       0x34 main.o
 .debug_frame   0x00000584       0xc0 menu.o
 .debug_frame   0x00000644       0x64 motor.o
 .debug_frame   0x000006a8       0x98 SSD1306.o
 .debug_frame   0x00000740       0xe4 stepper.o
 .debug_frame   0x00000824       0x34 timer.o

.debug_str      0x00000000     0x1167
 *(.debug_str)
 .debug_str     0x00000000      0x3f7 C:/Program Files (x86)/Atmel/Studio/7.0/Packs/atmel/ATmega_DFP/1.2.132/gcc/dev/at90usb1287/avr51/crtat90usb1287.o
 .debug_str     0x000003f7      0x67c adc.o
                                0x6d0 (size before relaxing)
 .debug_str     0x00000a73      0x11f extInt.o
                                0x2fa (size before relaxing)
 .debug_str     0x00000b92       0xfe Framebuffer.o
                                0x635 (size before relaxing)
 .debug_str     0x00000c90       0x1e I2C.o
                                0x227 (size before relaxing)
 .debug_str     0x00000cae      0x23a main.o
                                0x847 (size before relaxing)
 .debug_str     0x00000ee8       0x36 menu.o
                                0x6bb (size before relaxing)
 .debug_str     0x00000f1e       0x34 motor.o
                                0x226 (size before relaxing)
 .debug_str     0x00000f52       0x45 SSD1306.o
                                0x300 (size before relaxing)
 .debug_str     0x00000f97      0x1bb stepper.o
                                0x480 (size before relaxing)
 .debug_str     0x00001152       0x15 timer.o
                                0x1bf (size before relaxing)

.debug_loc      0x00000000     0x23fc
 *(.debug_loc)
 .debug_loc     0x00000000      0x200 adc.o
 .debug_loc     0x00000200      0x22b extInt.o
 .debug_loc     0x0000042b     0x16de Framebuffer.o
 .debug_loc     0x00001b09       0x9e I2C.o
 .debug_loc     0x00001ba7      0x157 main.o
 .debug_loc     0x00001cfe       0xa7 menu.o
 .debug_loc     0x00001da5      0x2c6 SSD1306.o
 .debug_loc     0x0000206b      0x345 stepper.o
 .debug_loc     0x000023b0       0x4c timer.o

.debug_macinfo
 *(.debug_macinfo)

.debug_weaknames
 *(.debug_weaknames)

.debug_funcnames
 *(.debug_funcnames)

.debug_typenames
 *(.debug_typenames)

.debug_varnames
 *(.debug_varnames)

.debug_pubtypes
 *(.debug_pubtypes)

.debug_ranges   0x00000000      0x290
 *(.debug_ranges)
 .debug_ranges  0x00000000       0x40 adc.o
 .debug_ranges  0x00000040       0x28 extInt.o
 .debug_ranges  0x00000068       0xe8 Framebuffer.o
 .debug_ranges  0x00000150       0x30 I2C.o
 .debug_ranges  0x00000180       0x18 main.o
 .debug_ranges  0x00000198       0x48 menu.o
 .debug_ranges  0x000001e0       0x30 motor.o
 .debug_ranges  0x00000210       0x28 SSD1306.o
 .debug_ranges  0x00000238       0x40 stepper.o
 .debug_ranges  0x00000278       0x18 timer.o

.debug_macro
 *(.debug_macro)
OUTPUT(sortingProject.elf elf32-avr)
LOAD linker stubs
